// Vitest Snapshot v1

exports[`App > should render correctly 1`] = `
"<header data-v-f13b4d11=\\"\\">
  <nav class=\\"fixed py-4 bg-white flex flex-row flex-nowrap justify-center items-center p-2 px-4 min-w-full top-nav-shadow\\" data-v-f13b4d11=\\"\\">
    <form class=\\"flex flex-row justify-center w-full\\" data-v-f13b4d11=\\"\\">
      <ul class=\\"flex flex-row flex-nowrap gap-1 w-10/12\\" data-v-f13b4d11=\\"\\">
        <li class=\\"w-full\\" data-v-f13b4d11=\\"\\"><input class=\\"border-gray-900 border-solid border rounded-md p-1 w-full\\" type=\\"search\\" name=\\"search_field\\" placeholder=\\"Term for search\\" data-v-f13b4d11=\\"\\"></li>
        <li data-v-f13b4d11=\\"\\"><button class=\\"bg-sky-500 hover:bg-sky-700 active:bg-sky-700 focus:outline-none focus:ring focus:ring-sky-300 px-5 py-2 text-sm leading-5 rounded-full font-semibold text-white\\" type=\\"button\\" data-v-f13b4d11=\\"\\">search</button></li>
      </ul>
    </form>
  </nav>
</header>
<div class=\\"p-8 pt-20\\" data-v-f13b4d11=\\"\\"><pre data-v-f13b4d11=\\"\\">
    </pre>
</div>
<!--teleport start-->
<!--teleport end-->
<div style=\\"position: fixed; height: 0px; padding: 0px; overflow: hidden; clip: rect(0px, 0px, 0px, 0px); white-space: nowrap; border-width: 0px; display: none;\\"></div>
<div class=\\"bg-red-700 fixed top-1/2 top_button\\" data-v-f13b4d11=\\"\\"><button type=\\"button\\" class=\\"btn_pnl_shower rounded-md bg-sky-500 hover:bg-sky-700 active:bg-sky-700 focus:outline-none focus:ring focus:ring-sky-300 px-5 py-2 text-sm leading-5 font-semibold text-white absolute right-0 top-1/2\\" data-v-f13b4d11=\\"\\"><svg xmlns=\\"http://www.w3.org/2000/svg\\" fill=\\"none\\" viewBox=\\"0 0 24 24\\" stroke-width=\\"1.5\\" stroke=\\"currentColor\\" aria-hidden=\\"true\\" class=\\"h-6 w-6\\" data-v-f13b4d11=\\"\\">
      <path stroke-linecap=\\"round\\" stroke-linejoin=\\"round\\" d=\\"M18.75 19.5l-7.5-7.5 7.5-7.5m-6 15L5.25 12l7.5-7.5\\"></path>
    </svg></button></div>"
`;
